Apr 05, 2023 5:52:56 PM javafx.fxml.FXMLLoader$ValueElement processValue
WARNING: Loading FXML document with JavaFX API of version 19 by JavaFX runtime of version 17.0.1
